MAP
  NAME "PH-GSNM-CORG-2023-0-30"
  EXTENT -174346.55 509820.47399999993 899903.45 2347570.474
  UNITS METERS
  SHAPEPATH "./"
  SIZE 800 600
  IMAGETYPE "PNG24"
  PROJECTION
      "init=epsg:32651"
  END # PROJECTION
  WEB
      METADATA
          "ows_title" "PH-GSNM-CORG-2023-0-30 web-service" 
          "ows_enable_request" "*" 
          "ows_srs" "EPSG:32651 EPSG:4326 EPSG:3857"
          "wms_getfeatureinfo_formatlist" "text/plain,text/html,application/json,geojson,application/vnd.ogc.gml,gml"
		  "wms_feature_info_mime_type" "application/json"
      END # METADATA
  END # WEB
  LAYER
      TEMPLATE "getfeatureinfo.tmpl"
      NAME "PH-GSNM-CORG-2023-0-30"
      DATA "PH-GSNM-CORG-2023-0-30.tif"
      TYPE RASTER
      STATUS ON
      METADATA
        "wms_include_items" "all"
        "gml_include_items" "all"
      END # METADATA
      CLASS
        NAME "PH-GSNM-CORG-2023-0-30"
        STYLE
            COLORRANGE "#F4E7D3" "#5C4033"
            DATARANGE 28.310467 76.38958
            RANGEITEM "pixel"
          END # STYLE
      END # CLASS
  END # LAYER
END # MAP