MAP
  NAME "BT-GSNM-PHOTOT-2024-0-30-SDEV"
  EXTENT 88.7445669 26.7002369 92.1265911 28.2497699
  UNITS DD
  SHAPEPATH "./"
  SIZE 800 600
  IMAGETYPE "PNG24"
  PROJECTION
      "init=epsg:4326"
  END # PROJECTION
  WEB
      METADATA
          "ows_title" "BT-GSNM-PHOTOT-2024-0-30-SDEV web-service" 
          "ows_enable_request" "*" 
          "ows_srs" "EPSG:4326 EPSG:4326 EPSG:3857"
          "wms_getfeatureinfo_formatlist" "text/plain,text/html,application/json,geojson,application/vnd.ogc.gml,gml"
          "wms_feature_info_mime_type" "application/json"
      END # METADATA
  END # WEB
  LAYER
      TEMPLATE "getfeatureinfo.tmpl"
      NAME "BT-GSNM-PHOTOT-2024-0-30-SDEV"
      DATA "BT-GSNM-PHOTOT-2024-0-30-SDEV.tif"
      TYPE RASTER
      STATUS ON
      METADATA
        "wms_include_items" "all"
        "gml_include_items" "all"
      END # METADATA
      CLASS
        NAME "BT-GSNM-PHOTOT-2024-0-30-SDEV"
        STYLE
            COLORRANGE "#F4E7D3" "#5C4033"
            DATARANGE 2.3095582 380.27347
            RANGEITEM "pixel"
          END # STYLE
      END # CLASS
  END # LAYER
END # MAP