MAP
  NAME "BT-GSNM-ELECCOND-2021-0-30-MEAN"
  EXTENT 88.0085772 20.7258402 92.6835585 26.6341499
  UNITS DD
  SHAPEPATH "./"
  SIZE 800 600
  IMAGETYPE "PNG24"
  PROJECTION
      "init=epsg:4326"
  END # PROJECTION
  WEB
      METADATA
          "ows_title" "BT-GSNM-ELECCOND-2021-0-30-MEAN web-service"
          "ows_enable_request" "*"
          "ows_srs" "EPSG:4326 EPSG:4326 EPSG:3857"
          "wms_getfeatureinfo_formatlist" "text/plain,text/html,application/json,geojson,application/vnd.ogc.gml,gml"
          "wms_feature_info_mime_type" "application/json"
      END # METADATA
  END # WEB
  LAYER
      TEMPLATE "getfeatureinfo.tmpl"
      NAME "BT-GSNM-ELECCOND-2021-0-30-MEAN"
      DATA "BT-GSNM-ELECCOND-2021-0-30-MEAN.tif"
      TYPE RASTER
      STATUS ON
      METADATA
        "wms_include_items" "all"
        "gml_include_items" "all"
      END # METADATA
      CLASS
        NAME "BT-GSNM-ELECCOND-2021-0-30-MEAN"
        STYLE
            COLORRANGE "#F4E7D3" "#5C4033"
            DATARANGE 0.14442782 23.560993
            RANGEITEM "pixel"
          END # STYLE
      END # CLASS
  END # LAYER
END # MAP