MAP
  NAME "BT-TEST-MAP0003-2026-0-40-MEAN"
  EXTENT 88.7445669 26.7002369 92.1265911 28.2497699
  UNITS DD
  SHAPEPATH "./"
  SIZE 800 600
  IMAGETYPE "PNG24"
  PROJECTION
      "init=epsg:4326"
  END # PROJECTION
  WEB
      METADATA
          "ows_title" "BT-TEST-MAP0003-2026-0-40-MEAN web-service"
          "ows_enable_request" "*"
          "ows_srs" "EPSG:4326 EPSG:4326 EPSG:3857"
          "wms_getfeatureinfo_formatlist" "text/plain,text/html,application/json,geojson,application/vnd.ogc.gml,gml"
          "wms_feature_info_mime_type" "application/json"
      END # METADATA
  END # WEB
  LAYER
      TEMPLATE "getfeatureinfo.tmpl"
      NAME "BT-TEST-MAP0003-2026-0-40-MEAN"
      DATA "BT-TEST-MAP0003-2026-0-40-MEAN.r1781100037847.tif"
      TYPE RASTER
      STATUS ON
      PROCESSING "NODATA=0"
      OFFSITE 0 0 0
      METADATA
        "wms_include_items" "all"
        "gml_include_items" "all"
      END # METADATA
      CLASS
        NAME "BT-TEST-MAP0003-2026-0-40-MEAN"
        STYLE
            COLORRANGE "#2c7bb6" "#d7191c"
            DATARANGE 1 3
            RANGEITEM "pixel"
          END # STYLE
      END # CLASS
  END # LAYER
END # MAP