MAP
    NAME "Profiles"
    STATUS ON
    EXTENT 116.258955 1.166260 127.106359 24.647697
    UNITS DD
    PROJECTION
        "init=epsg:4326"
    END

    SYMBOL
        NAME "dot"
        TYPE ELLIPSE
        POINTS
            1 1
        END
        FILLED TRUE
    END

    WEB
        METADATA
            "wms_title" "Profiles"
            "wms_enable_request" "*" 
            "ows_srs" "EPSG:32651 EPSG:4326 EPSG:3857"
            "wms_getfeatureinfo_formatlist" "text/plain,text/html,application/json,geojson,application/vnd.ogc.gml,gml"
            "wms_feature_info_mime_type" "application/json"
        END
    END
    LAYER
        NAME "Profiles"
        TYPE POINT
        STATUS ON
        CONNECTIONTYPE postgis
        CONNECTION "user=glosis password=glosis dbname=glosis host=192.168.1.118 port=5442"
        # CONNECTION "user=${POSTGRES_USER} password=${POSTGRES_PASSWORD} dbname=${POSTGRES_DB} host=192.168.1.118 port=5442" # DOES NOT WORK
        DATA "geom FROM core.profiles USING UNIQUE gid"
        METADATA
            "wms_include_items" "all"
            "gml_include_items" "all"
            "wms_title" "Profiles"
            "wms_srs" "EPSG:32651 EPSG:4326 EPSG:3857"
            "wms_feature_info_mime_type" "application/json"
        END
        LABELCACHE ON
        CLASS
            NAME "Profiles"
            STYLE
                SYMBOL "dot"
                COLOR 255 0 0
                SIZE 8
            END
            LABEL
                TEXT ([gid])
                COLOR 0 0 0
                SIZE 6
                MAXSCALEDENOM 500000
                POSITION AUTO
                OFFSET 0 5
                PARTIALS FALSE
                MINDISTANCE 20
                BUFFER 5
                FORCE TRUE
            END
        END
    END
END